Archive member included to satisfy reference by file (symbol)

c:/st/stm32cubeide_1.4.0/stm32cubeide/plugins/com.st.stm32cube.ide.mcu.externaltools.gnu-tools-for-stm32.10.3-2021.10.win32_1.0.100.202210260954/tools/bin/../lib/gcc/arm-none-eabi/10.3.1/../../../../arm-none-eabi/lib/thumb/v7-m/nofp\libc_nano.a(lib_a-errno.o)
                              ./Core/Src/syscalls.o (__errno)
c:/st/stm32cubeide_1.4.0/stm32cubeide/plugins/com.st.stm32cube.ide.mcu.externaltools.gnu-tools-for-stm32.10.3-2021.10.win32_1.0.100.202210260954/tools/bin/../lib/gcc/arm-none-eabi/10.3.1/../../../../arm-none-eabi/lib/thumb/v7-m/nofp\libc_nano.a(lib_a-exit.o)
                              c:/st/stm32cubeide_1.4.0/stm32cubeide/plugins/com.st.stm32cube.ide.mcu.externaltools.gnu-tools-for-stm32.10.3-2021.10.win32_1.0.100.202210260954/tools/bin/../lib/gcc/arm-none-eabi/10.3.1/../../../../arm-none-eabi/lib/thumb/v7-m/nofp/crt0.o (exit)
c:/st/stm32cubeide_1.4.0/stm32cubeide/plugins/com.st.stm32cube.ide.mcu.externaltools.gnu-tools-for-stm32.10.3-2021.10.win32_1.0.100.202210260954/tools/bin/../lib/gcc/arm-none-eabi/10.3.1/../../../../arm-none-eabi/lib/thumb/v7-m/nofp\libc_nano.a(lib_a-impure.o)
                              c:/st/stm32cubeide_1.4.0/stm32cubeide/plugins/com.st.stm32cube.ide.mcu.externaltools.gnu-tools-for-stm32.10.3-2021.10.win32_1.0.100.202210260954/tools/bin/../lib/gcc/arm-none-eabi/10.3.1/../../../../arm-none-eabi/lib/thumb/v7-m/nofp\libc_nano.a(lib_a-exit.o) (_global_impure_ptr)
c:/st/stm32cubeide_1.4.0/stm32cubeide/plugins/com.st.stm32cube.ide.mcu.externaltools.gnu-tools-for-stm32.10.3-2021.10.win32_1.0.100.202210260954/tools/bin/../lib/gcc/arm-none-eabi/10.3.1/../../../../arm-none-eabi/lib/thumb/v7-m/nofp\libc_nano.a(lib_a-init.o)
                              c:/st/stm32cubeide_1.4.0/stm32cubeide/plugins/com.st.stm32cube.ide.mcu.externaltools.gnu-tools-for-stm32.10.3-2021.10.win32_1.0.100.202210260954/tools/bin/../lib/gcc/arm-none-eabi/10.3.1/../../../../arm-none-eabi/lib/thumb/v7-m/nofp/crt0.o (__libc_init_array)
c:/st/stm32cubeide_1.4.0/stm32cubeide/plugins/com.st.stm32cube.ide.mcu.externaltools.gnu-tools-for-stm32.10.3-2021.10.win32_1.0.100.202210260954/tools/bin/../lib/gcc/arm-none-eabi/10.3.1/../../../../arm-none-eabi/lib/thumb/v7-m/nofp\libc_nano.a(lib_a-memset.o)
                              c:/st/stm32cubeide_1.4.0/stm32cubeide/plugins/com.st.stm32cube.ide.mcu.externaltools.gnu-tools-for-stm32.10.3-2021.10.win32_1.0.100.202210260954/tools/bin/../lib/gcc/arm-none-eabi/10.3.1/../../../../arm-none-eabi/lib/thumb/v7-m/nofp/crt0.o (memset)
c:/st/stm32cubeide_1.4.0/stm32cubeide/plugins/com.st.stm32cube.ide.mcu.externaltools.gnu-tools-for-stm32.10.3-2021.10.win32_1.0.100.202210260954/tools/bin/../lib/gcc/arm-none-eabi/10.3.1/thumb/v7-m/nofp\libgcc.a(_arm_muldf3.o)
                              ./Core/Src/lcdServices.o (__aeabi_dmul)
c:/st/stm32cubeide_1.4.0/stm32cubeide/plugins/com.st.stm32cube.ide.mcu.externaltools.gnu-tools-for-stm32.10.3-2021.10.win32_1.0.100.202210260954/tools/bin/../lib/gcc/arm-none-eabi/10.3.1/thumb/v7-m/nofp\libgcc.a(_arm_addsubdf3.o)
                              ./Core/Src/lcdServices.o (__aeabi_dsub)
c:/st/stm32cubeide_1.4.0/stm32cubeide/plugins/com.st.stm32cube.ide.mcu.externaltools.gnu-tools-for-stm32.10.3-2021.10.win32_1.0.100.202210260954/tools/bin/../lib/gcc/arm-none-eabi/10.3.1/thumb/v7-m/nofp\libgcc.a(_arm_muldivdf3.o)
                              ./Core/Src/temperature_sensor.o (__aeabi_ddiv)
c:/st/stm32cubeide_1.4.0/stm32cubeide/plugins/com.st.stm32cube.ide.mcu.externaltools.gnu-tools-for-stm32.10.3-2021.10.win32_1.0.100.202210260954/tools/bin/../lib/gcc/arm-none-eabi/10.3.1/thumb/v7-m/nofp\libgcc.a(_arm_cmpdf2.o)
                              ./Core/Src/temperature_control.o (__aeabi_dcmplt)
c:/st/stm32cubeide_1.4.0/stm32cubeide/plugins/com.st.stm32cube.ide.mcu.externaltools.gnu-tools-for-stm32.10.3-2021.10.win32_1.0.100.202210260954/tools/bin/../lib/gcc/arm-none-eabi/10.3.1/thumb/v7-m/nofp\libgcc.a(_arm_fixdfsi.o)
                              ./Core/Src/lcdServices.o (__aeabi_d2iz)

Discarded input sections

 .text          0x0000000000000000        0x0 c:/st/stm32cubeide_1.4.0/stm32cubeide/plugins/com.st.stm32cube.ide.mcu.externaltools.gnu-tools-for-stm32.10.3-2021.10.win32_1.0.100.202210260954/tools/bin/../lib/gcc/arm-none-eabi/10.3.1/thumb/v7-m/nofp/crti.o
 .data          0x0000000000000000        0x0 c:/st/stm32cubeide_1.4.0/stm32cubeide/plugins/com.st.stm32cube.ide.mcu.externaltools.gnu-tools-for-stm32.10.3-2021.10.win32_1.0.100.202210260954/tools/bin/../lib/gcc/arm-none-eabi/10.3.1/thumb/v7-m/nofp/crti.o
 .bss           0x0000000000000000        0x0 c:/st/stm32cubeide_1.4.0/stm32cubeide/plugins/com.st.stm32cube.ide.mcu.externaltools.gnu-tools-for-stm32.10.3-2021.10.win32_1.0.100.202210260954/tools/bin/../lib/gcc/arm-none-eabi/10.3.1/thumb/v7-m/nofp/crti.o
[...]
Memory Configuration

Name             Origin             Length             Attributes
RAM              0x0000000020000000 0x0000000000005000 xrw
FLASH            0x0000000008000000 0x0000000000010000 xr
*default*        0x0000000000000000 0xffffffffffffffff

Linker script and memory map

LOAD c:/st/stm32cubeide_1.4.0/stm32cubeide/plugins/com.st.stm32cube.ide.mcu.externaltools.gnu-tools-for-stm32.10.3-2021.10.win32_1.0.100.202210260954/tools/bin/../lib/gcc/arm-none-eabi/10.3.1/thumb/v7-m/nofp/crti.o
LOAD c:/st/stm32cubeide_1.4.0/stm32cubeide/plugins/com.st.stm32cube.ide.mcu.externaltools.gnu-tools-for-stm32.10.3-2021.10.win32_1.0.100.202210260954/tools/bin/../lib/gcc/arm-none-eabi/10.3.1/thumb/v7-m/nofp/crtbegin.o
LOAD c:/st/stm32cubeide_1.4.0/stm32cubeide/plugins/com.st.stm32cube.ide.mcu.externaltools.gnu-tools-for-stm32.10.3-2021.10.win32_1.0.100.202210260954/tools/bin/../lib/gcc/arm-none-eabi/10.3.1/../../../../arm-none-eabi/lib/thumb/v7-m/nofp/crt0.o
LOAD ./Core/Src/Timer.o
LOAD ./Core/Src/hardwarePortInit.o
LOAD ./Core/Src/keypad.o
LOAD ./Core/Src/lcd.o
LOAD ./Core/Src/lcdServices.o
LOAD ./Core/Src/main.o
LOAD ./Core/Src/mcu.o
LOAD ./Core/Src/stm32f1xx_hal_msp.o
LOAD ./Core/Src/stm32f1xx_hal_timebase_tim.o
LOAD ./Core/Src/stm32f1xx_it.o
LOAD ./Core/Src/syscalls.o
LOAD ./Core/Src/sysmem.o
LOAD ./Core/Src/system_stm32f1xx.o
LOAD ./Core/Src/temperature_control.o
LOAD ./Core/Src/temperature_sensor.o
LOAD ./Core/Startup/startup_stm32f103c8tx.o
LOAD ./Drivers/STM32F1xx_HAL_Driver/Src/stm32f1xx_hal.o
LOAD ./Drivers/STM32F1xx_HAL_Driver/Src/stm32f1xx_hal_adc.o
LOAD ./Drivers/STM32F1xx_HAL_Driver/Src/stm32f1xx_hal_adc_ex.o
LOAD ./Drivers/STM32F1xx_HAL_Driver/Src/stm32f1xx_hal_can.o
LOAD ./Drivers/STM32F1xx_HAL_Driver/Src/stm32f1xx_hal_cortex.o
LOAD ./Drivers/STM32F1xx_HAL_Driver/Src/stm32f1xx_hal_dma.o
LOAD ./Drivers/STM32F1xx_HAL_Driver/Src/stm32f1xx_hal_exti.o
LOAD ./Drivers/STM32F1xx_HAL_Driver/Src/stm32f1xx_hal_flash.o
LOAD ./Drivers/STM32F1xx_HAL_Driver/Src/stm32f1xx_hal_flash_ex.o
LOAD ./Drivers/STM32F1xx_HAL_Driver/Src/stm32f1xx_hal_gpio.o
LOAD ./Drivers/STM32F1xx_HAL_Driver/Src/stm32f1xx_hal_gpio_ex.o
LOAD ./Drivers/STM32F1xx_HAL_Driver/Src/stm32f1xx_hal_pwr.o
LOAD ./Drivers/STM32F1xx_HAL_Driver/Src/stm32f1xx_hal_rcc.o
LOAD ./Drivers/STM32F1xx_HAL_Driver/Src/stm32f1xx_hal_rcc_ex.o
LOAD ./Drivers/STM32F1xx_HAL_Driver/Src/stm32f1xx_hal_tim.o
LOAD ./Drivers/STM32F1xx_HAL_Driver/Src/stm32f1xx_hal_tim_ex.o
LOAD ./Drivers/STM32F1xx_HAL_Driver/Src/stm32f1xx_hal_uart.o
START GROUP
LOAD c:/st/stm32cubeide_1.4.0/stm32cubeide/plugins/com.st.stm32cube.ide.mcu.externaltools.gnu-tools-for-stm32.10.3-2021.10.win32_1.0.100.202210260954/tools/bin/../lib/gcc/arm-none-eabi/10.3.1/../../../../arm-none-eabi/lib/thumb/v7-m/nofp\libc_nano.a
LOAD c:/st/stm32cubeide_1.4.0/stm32cubeide/plugins/com.st.stm32cube.ide.mcu.externaltools.gnu-tools-for-stm32.10.3-2021.10.win32_1.0.100.202210260954/tools/bin/../lib/gcc/arm-none-eabi/10.3.1/../../../../arm-none-eabi/lib/thumb/v7-m/nofp\libm.a
END GROUP
START GROUP
LOAD c:/st/stm32cubeide_1.4.0/stm32cubeide/plugins/com.st.stm32cube.ide.mcu.externaltools.gnu-tools-for-stm32.10.3-2021.10.win32_1.0.100.202210260954/tools/bin/../lib/gcc/arm-none-eabi/10.3.1/thumb/v7-m/nofp\libgcc.a
LOAD c:/st/stm32cubeide_1.4.0/stm32cubeide/plugins/com.st.stm32cube.ide.mcu.externaltools.gnu-tools-for-stm32.10.3-2021.10.win32_1.0.100.202210260954/tools/bin/../lib/gcc/arm-none-eabi/10.3.1/../../../../arm-none-eabi/lib/thumb/v7-m/nofp\libc_nano.a
END GROUP
START GROUP
LOAD c:/st/stm32cubeide_1.4.0/stm32cubeide/plugins/com.st.stm32cube.ide.mcu.externaltools.gnu-tools-for-stm32.10.3-2021.10.win32_1.0.100.202210260954/tools/bin/../lib/gcc/arm-none-eabi/10.3.1/thumb/v7-m/nofp\libgcc.a
LOAD c:/st/stm32cubeide_1.4.0/stm32cubeide/plugins/com.st.stm32cube.ide.mcu.externaltools.gnu-tools-for-stm32.10.3-2021.10.win32_1.0.100.202210260954/tools/bin/../lib/gcc/arm-none-eabi/10.3.1/../../../../arm-none-eabi/lib/thumb/v7-m/nofp\libc_nano.a
LOAD c:/st/stm32cubeide_1.4.0/stm32cubeide/plugins/com.st.stm32cube.ide.mcu.externaltools.gnu-tools-for-stm32.10.3-2021.10.win32_1.0.100.202210260954/tools/bin/../lib/gcc/arm-none-eabi/10.3.1/../../../../arm-none-eabi/lib/thumb/v7-m/nofp\libnosys.a
END GROUP
START GROUP
LOAD c:/st/stm32cubeide_1.4.0/stm32cubeide/plugins/com.st.stm32cube.ide.mcu.externaltools.gnu-tools-for-stm32.10.3-2021.10.win32_1.0.100.202210260954/tools/bin/../lib/gcc/arm-none-eabi/10.3.1/thumb/v7-m/nofp\libgcc.a
LOAD c:/st/stm32cubeide_1.4.0/stm32cubeide/plugins/com.st.stm32cube.ide.mcu.externaltools.gnu-tools-for-stm32.10.3-2021.10.win32_1.0.100.202210260954/tools/bin/../lib/gcc/arm-none-eabi/10.3.1/../../../../arm-none-eabi/lib/thumb/v7-m/nofp\libc_nano.a
LOAD c:/st/stm32cubeide_1.4.0/stm32cubeide/plugins/com.st.stm32cube.ide.mcu.externaltools.gnu-tools-for-stm32.10.3-2021.10.win32_1.0.100.202210260954/tools/bin/../lib/gcc/arm-none-eabi/10.3.1/../../../../arm-none-eabi/lib/thumb/v7-m/nofp\libnosys.a
END GROUP
LOAD c:/st/stm32cubeide_1.4.0/stm32cubeide/plugins/com.st.stm32cube.ide.mcu.externaltools.gnu-tools-for-stm32.10.3-2021.10.win32_1.0.100.202210260954/tools/bin/../lib/gcc/arm-none-eabi/10.3.1/thumb/v7-m/nofp/crtend.o
LOAD c:/st/stm32cubeide_1.4.0/stm32cubeide/plugins/com.st.stm32cube.ide.mcu.externaltools.gnu-tools-for-stm32.10.3-2021.10.win32_1.0.100.202210260954/tools/bin/../lib/gcc/arm-none-eabi/10.3.1/thumb/v7-m/nofp/crtn.o
                0x0000000020005000                _estack = (ORIGIN (RAM) + LENGTH (RAM))
                0x0000000000000200                _Min_Heap_Size = 0x200
                0x0000000000000400                _Min_Stack_Size = 0x400

.isr_vector     0x0000000008000000      0x10c
                0x0000000008000000                . = ALIGN (0x4)
 *(.isr_vector)
 .isr_vector    0x0000000008000000      0x10c ./Core/Startup/startup_stm32f103c8tx.o
                0x0000000008000000                g_pfnVectors
                0x000000000800010c                . = ALIGN (0x4)

.text           0x000000000800010c     0x37c8
                0x000000000800010c                . = ALIGN (0x4)
 *(.text)
 .text          0x000000000800010c       0x40 c:/st/stm32cubeide_1.4.0/stm32cubeide/plugins/com.st.stm32cube.ide.mcu.externaltools.gnu-tools-for-stm32.10.3-2021.10.win32_1.0.100.202210260954/tools/bin/../lib/gcc/arm-none-eabi/10.3.1/thumb/v7-m/nofp/crtbegin.o
 .text          0x000000000800014c      0x378 c:/st/stm32cubeide_1.4.0/stm32cubeide/plugins/com.st.stm32cube.ide.mcu.externaltools.gnu-tools-for-stm32.10.3-2021.10.win32_1.0.100.202210260954/tools/bin/../lib/gcc/arm-none-eabi/10.3.1/thumb/v7-m/nofp\libgcc.a(_arm_addsubdf3.o)
                0x000000000800014c                __aeabi_drsub
                0x0000000008000154                __aeabi_dsub
                0x0000000008000154                __subdf3
                0x0000000008000158                __aeabi_dadd
                0x0000000008000158                __adddf3
                0x00000000080003d0                __floatunsidf
                0x00000000080003d0                __aeabi_ui2d
                0x00000000080003f0                __floatsidf
                0x00000000080003f0                __aeabi_i2d
                0x0000000008000414                __aeabi_f2d
                0x0000000008000414                __extendsfdf2
                0x0000000008000458                __floatundidf
                0x0000000008000458                __aeabi_ul2d
                0x0000000008000468                __floatdidf
                0x0000000008000468                __aeabi_l2d
 .text          0x00000000080004c4      0x424 c:/st/stm32cubeide_1.4.0/stm32cubeide/plugins/com.st.stm32cube.ide.mcu.externaltools.gnu-tools-for-stm32.10.3-2021.10.win32_1.0.100.202210260954/tools/bin/../lib/gcc/arm-none-eabi/10.3.1/thumb/v7-m/nofp\libgcc.a(_arm_muldivdf3.o)
                0x00000000080004c4                __aeabi_dmul
                0x00000000080004c4                __muldf3
                0x0000000008000718                __divdf3
                0x0000000008000718                __aeabi_ddiv
 .text          0x00000000080008e8      0x110 c:/st/stm32cubeide_1.4.0/stm32cubeide/plugins/com.st.stm32cube.ide.mcu.externaltools.gnu-tools-for-stm32.10.3-2021.10.win32_1.0.100.202210260954/tools/bin/../lib/gcc/arm-none-eabi/10.3.1/thumb/v7-m/nofp\libgcc.a(_arm_cmpdf2.o)
                0x00000000080008e8                __gtdf2
                0x00000000080008e8                __gedf2
                0x00000000080008f0                __ltdf2
                0x00000000080008f0                __ledf2
                0x00000000080008f8                __nedf2
                0x00000000080008f8                __eqdf2
                0x00000000080008f8                __cmpdf2
                0x0000000008000974                __aeabi_cdrcmple
                0x0000000008000984                __aeabi_cdcmpeq
                0x0000000008000984                __aeabi_cdcmple
                0x0000000008000994                __aeabi_dcmpeq
                0x00000000080009a8                __aeabi_dcmplt
                0x00000000080009bc                __aeabi_dcmple
                0x00000000080009d0                __aeabi_dcmpge
                0x00000000080009e4                __aeabi_dcmpgt
 .text          0x00000000080009f8       0x50 c:/st/stm32cubeide_1.4.0/stm32cubeide/plugins/com.st.stm32cube.ide.mcu.externaltools.gnu-tools-for-stm32.10.3-2021.10.win32_1.0.100.202210260954/tools/bin/../lib/gcc/arm-none-eabi/10.3.1/thumb/v7-m/nofp\libgcc.a(_arm_fixdfsi.o)
                0x00000000080009f8                __aeabi_d2iz
                0x00000000080009f8                __fixdfsi
 *(.text*)
 .text.vid_systickTimerInit
                0x0000000008000a48       0x34 ./Core/Src/Timer.o
                0x0000000008000a48                vid_systickTimerInit
 .text.SysTick_Handler
                0x0000000008000a7c       0x18 ./Core/Src/Timer.o
                0x0000000008000a7c                SysTick_Handler
 .text.enumSystemInit
                0x0000000008000a94       0x2a ./Core/Src/hardwarePortInit.o
                0x0000000008000a94                enumSystemInit
 *fill*         0x0000000008000abe        0x2 
 .text.MX_GPIO_Init
                0x0000000008000ac0      0x10c ./Core/Src/hardwarePortInit.o
 .text.MX_ADC1_Init
                0x0000000008000bcc       0x7c ./Core/Src/hardwarePortInit.o
 .text.MX_USART1_UART_Init
                0x0000000008000c48       0x54 ./Core/Src/hardwarePortInit.o
                0x0000000008000c48                MX_USART1_UART_Init
 .text.vid_keypadreset
                0x0000000008000c9c       0x2c ./Core/Src/keypad.o
 .text.u8_keyPadScan
                0x0000000008000cc8      0x118 ./Core/Src/keypad.o
 .text.enum_getUserRequest
                0x0000000008000de0       0x90 ./Core/Src/keypad.o
                0x0000000008000de0                enum_getUserRequest
 .text.vid_lcdEnableRwData
                0x0000000008000e70       0x48 ./Core/Src/lcd.o
 .text.vid_lcdStart4Bit
                0x0000000008000eb8       0x6c ./Core/Src/lcd.o
 .text.enum_lcdInit
                0x0000000008000f24      0x1f0 ./Core/Src/lcd.o
                0x0000000008000f24                enum_lcdInit
 .text.enum_lcdSendCommand
                0x0000000008001114      0x150 ./Core/Src/lcd.o
                0x0000000008001114                enum_lcdSendCommand
 .text.enum_lcdWriteString
                0x0000000008001264      0x170 ./Core/Src/lcd.o
                0x0000000008001264                enum_lcdWriteString
 .text.enum_lcdSetCursorPosition
                0x00000000080013d4       0x8c ./Core/Src/lcd.o
                0x00000000080013d4                enum_lcdSetCursorPosition
 .text.ptr_s8FloatToString
                0x0000000008001460      0x138 ./Core/Src/lcdServices.o
                0x0000000008001460                ptr_s8FloatToString
 .text.main     0x0000000008001598       0x64 ./Core/Src/main.o
                0x0000000008001598                main
 .text.SystemClock_Config
                0x00000000080015fc       0xa0 ./Core/Src/mcu.o
                0x00000000080015fc                SystemClock_Config
 .text.Error_Handler
                0x000000000800169c        0xa ./Core/Src/mcu.o
                0x000000000800169c                Error_Handler
 *fill*         0x00000000080016a6        0x2 
 .text.HAL_TIM_PeriodElapsedCallback
                0x00000000080016a8       0x24 ./Core/Src/mcu.o
                0x00000000080016a8                HAL_TIM_PeriodElapsedCallback
 .text.HAL_MspInit
                0x00000000080016cc       0x44 ./Core/Src/stm32f1xx_hal_msp.o
                0x00000000080016cc                HAL_MspInit
 .text.HAL_ADC_MspInit
                0x0000000008001710       0x78 ./Core/Src/stm32f1xx_hal_msp.o
                0x0000000008001710                HAL_ADC_MspInit
 .text.HAL_UART_MspInit
                0x0000000008001788       0x98 ./Core/Src/stm32f1xx_hal_msp.o
                0x0000000008001788                HAL_UART_MspInit
 .text.HAL_InitTick
                0x0000000008001820       0xfc ./Core/Src/stm32f1xx_hal_timebase_tim.o
                0x0000000008001820                HAL_InitTick
 .text.NMI_Handler
                0x000000000800191c        0x6 ./Core/Src/stm32f1xx_it.o
                0x000000000800191c                NMI_Handler
 .text.HardFault_Handler
                0x0000000008001922        0x6 ./Core/Src/stm32f1xx_it.o
                0x0000000008001922                HardFault_Handler
 .text.MemManage_Handler
                0x0000000008001928        0x6 ./Core/Src/stm32f1xx_it.o
                0x0000000008001928                MemManage_Handler
 .text.BusFault_Handler
                0x000000000800192e        0x6 ./Core/Src/stm32f1xx_it.o
                0x000000000800192e                BusFault_Handler
 .text.UsageFault_Handler
                0x0000000008001934        0x6 ./Core/Src/stm32f1xx_it.o
                0x0000000008001934                UsageFault_Handler
 .text.SVC_Handler
                0x000000000800193a        0xc ./Core/Src/stm32f1xx_it.o
                0x000000000800193a                SVC_Handler
 .text.DebugMon_Handler
                0x0000000008001946        0xc ./Core/Src/stm32f1xx_it.o
                0x0000000008001946                DebugMon_Handler
 .text.PendSV_Handler
                0x0000000008001952        0xc ./Core/Src/stm32f1xx_it.o
                0x0000000008001952                PendSV_Handler
 *fill*         0x000000000800195e        0x2 
 .text.TIM4_IRQHandler
                0x0000000008001960       0x14 ./Core/Src/stm32f1xx_it.o
                0x0000000008001960                TIM4_IRQHandler
 .text.SystemInit
                0x0000000008001974        0xc ./Core/Src/system_stm32f1xx.o
                0x0000000008001974                SystemInit
 .text.s64_GetTemperatureFromLcd
                0x0000000008001980       0x18 ./Core/Src/temperature_control.o
 .text.enum_SetTemperatureOnLcd
                0x0000000008001998       0xa4 ./Core/Src/temperature_control.o
 .text.vid_UpdateLcdAfterTempControl
                0x0000000008001a3c       0x68 ./Core/Src/temperature_control.o
 .text.temperatureHandle
                0x0000000008001aa4       0x98 ./Core/Src/temperature_control.o
                0x0000000008001aa4                temperatureHandle
 .text.Reset_Handler
                0x0000000008001b3c       0x48 ./Core/Startup/startup_stm32f103c8tx.o
                0x0000000008001b3c                Reset_Handler
 .text.Default_Handler
                0x0000000008001b84        0x2 ./Core/Startup/startup_stm32f103c8tx.o
                0x0000000008001b84                RTC_Alarm_IRQHandler
                0x0000000008001b84                EXTI2_IRQHandler
                0x0000000008001b84                TIM1_CC_IRQHandler
                0x0000000008001b84                PVD_IRQHandler
                0x0000000008001b84                EXTI3_IRQHandler
                0x0000000008001b84                EXTI0_IRQHandler
                0x0000000008001b84                I2C2_EV_IRQHandler
                0x0000000008001b84                ADC1_2_IRQHandler
                0x0000000008001b84                SPI1_IRQHandler
                0x0000000008001b84                TAMPER_IRQHandler
                0x0000000008001b84                DMA1_Channel4_IRQHandler
                0x0000000008001b84                USART3_IRQHandler
                0x0000000008001b84                RTC_IRQHandler
                0x0000000008001b84                DMA1_Channel7_IRQHandler
                0x0000000008001b84                CAN1_RX1_IRQHandler
                0x0000000008001b84                I2C1_EV_IRQHandler
                0x0000000008001b84                DMA1_Channel6_IRQHandler
                0x0000000008001b84                TIM3_IRQHandler
                0x0000000008001b84                RCC_IRQHandler
                0x0000000008001b84                TIM1_TRG_COM_IRQHandler
                0x0000000008001b84                DMA1_Channel1_IRQHandler
                0x0000000008001b84                Default_Handler
                0x0000000008001b84                EXTI15_10_IRQHandler
                0x0000000008001b84                EXTI9_5_IRQHandler
                0x0000000008001b84                SPI2_IRQHandler
                0x0000000008001b84                DMA1_Channel5_IRQHandler
                0x0000000008001b84                EXTI4_IRQHandler
                0x0000000008001b84                USB_LP_CAN1_RX0_IRQHandler
                0x0000000008001b84                USB_HP_CAN1_TX_IRQHandler
                0x0000000008001b84                DMA1_Channel3_IRQHandler
                0x0000000008001b84                TIM1_UP_IRQHandler
                0x0000000008001b84                WWDG_IRQHandler
                0x0000000008001b84                TIM2_IRQHandler
                0x0000000008001b84                TIM1_BRK_IRQHandler
                0x0000000008001b84                EXTI1_IRQHandler
                0x0000000008001b84                USART2_IRQHandler
                0x0000000008001b84                I2C2_ER_IRQHandler
                0x0000000008001b84                DMA1_Channel2_IRQHandler
                0x0000000008001b84                CAN1_SCE_IRQHandler
                0x0000000008001b84                FLASH_IRQHandler
                0x0000000008001b84                USART1_IRQHandler
                0x0000000008001b84                I2C1_ER_IRQHandler
                0x0000000008001b84                USBWakeUp_IRQHandler
 *fill*         0x0000000008001b86        0x2 
 .text.HAL_Init
                0x0000000008001b88       0x2c ./Drivers/STM32F1xx_HAL_Driver/Src/stm32f1xx_hal.o
                0x0000000008001b88                HAL_Init
 .text.HAL_IncTick
                0x0000000008001bb4       0x24 ./Drivers/STM32F1xx_HAL_Driver/Src/stm32f1xx_hal.o
                0x0000000008001bb4                HAL_IncTick
 .text.HAL_GetTick
                0x0000000008001bd8       0x14 ./Drivers/STM32F1xx_HAL_Driver/Src/stm32f1xx_hal.o
                0x0000000008001bd8                HAL_GetTick
 .text.HAL_Delay
                0x0000000008001bec       0x48 ./Drivers/STM32F1xx_HAL_Driver/Src/stm32f1xx_hal.o
                0x0000000008001bec                HAL_Delay
 .text.HAL_ADC_Init
                0x0000000008001c34      0x1b0 ./Drivers/STM32F1xx_HAL_Driver/Src/stm32f1xx_hal_adc.o
                0x0000000008001c34                HAL_ADC_Init
 .text.HAL_ADC_ConfigChannel
                0x0000000008001de4      0x1f0 ./Drivers/STM32F1xx_HAL_Driver/Src/stm32f1xx_hal_adc.o
                0x0000000008001de4                HAL_ADC_ConfigChannel
 .text.ADC_ConversionStop_Disable
                0x0000000008001fd4       0x82 ./Drivers/STM32F1xx_HAL_Driver/Src/stm32f1xx_hal_adc.o
                0x0000000008001fd4                ADC_ConversionStop_Disable
 *fill*         0x0000000008002056        0x2 
 .text.__NVIC_SetPriorityGrouping
                0x0000000008002058       0x48 ./Drivers/STM32F1xx_HAL_Driver/Src/stm32f1xx_hal_cortex.o
 .text.__NVIC_GetPriorityGrouping
                0x00000000080020a0       0x1c ./Drivers/STM32F1xx_HAL_Driver/Src/stm32f1xx_hal_cortex.o
 .text.__NVIC_EnableIRQ
                0x00000000080020bc       0x38 ./Drivers/STM32F1xx_HAL_Driver/Src/stm32f1xx_hal_cortex.o
 .text.__NVIC_SetPriority
                0x00000000080020f4       0x54 ./Drivers/STM32F1xx_HAL_Driver/Src/stm32f1xx_hal_cortex.o
 .text.NVIC_EncodePriority
                0x0000000008002148       0x64 ./Drivers/STM32F1xx_HAL_Driver/Src/stm32f1xx_hal_cortex.o
 .text.SysTick_Config
                0x00000000080021ac       0x44 ./Drivers/STM32F1xx_HAL_Driver/Src/stm32f1xx_hal_cortex.o
 .text.HAL_NVIC_SetPriorityGrouping
                0x00000000080021f0       0x16 ./Drivers/STM32F1xx_HAL_Driver/Src/stm32f1xx_hal_cortex.o
                0x00000000080021f0                HAL_NVIC_SetPriorityGrouping
 .text.HAL_NVIC_SetPriority
                0x0000000008002206       0x38 ./Drivers/STM32F1xx_HAL_Driver/Src/stm32f1xx_hal_cortex.o
                0x0000000008002206                HAL_NVIC_SetPriority
 .text.HAL_NVIC_EnableIRQ
                0x000000000800223e       0x1c ./Drivers/STM32F1xx_HAL_Driver/Src/stm32f1xx_hal_cortex.o
                0x000000000800223e                HAL_NVIC_EnableIRQ
 .text.HAL_SYSTICK_Config
                0x000000000800225a       0x18 ./Drivers/STM32F1xx_HAL_Driver/Src/stm32f1xx_hal_cortex.o
                0x000000000800225a                HAL_SYSTICK_Config
 *fill*         0x0000000008002272        0x2 
 .text.HAL_SYSTICK_CLKSourceConfig
                0x0000000008002274       0x38 ./Drivers/STM32F1xx_HAL_Driver/Src/stm32f1xx_hal_cortex.o
                0x0000000008002274                HAL_SYSTICK_CLKSourceConfig
 .text.HAL_GPIO_Init
                0x00000000080022ac      0x308 ./Drivers/STM32F1xx_HAL_Driver/Src/stm32f1xx_hal_gpio.o
                0x00000000080022ac                HAL_GPIO_Init
 .text.HAL_GPIO_ReadPin
                0x00000000080025b4       0x2e ./Drivers/STM32F1xx_HAL_Driver/Src/stm32f1xx_hal_gpio.o
                0x00000000080025b4                HAL_GPIO_ReadPin
 .text.HAL_GPIO_WritePin
                0x00000000080025e2       0x30 ./Drivers/STM32F1xx_HAL_Driver/Src/stm32f1xx_hal_gpio.o
                0x00000000080025e2                HAL_GPIO_WritePin
 .text.HAL_GPIO_TogglePin
                0x0000000008002612       0x32 ./Drivers/STM32F1xx_HAL_Driver/Src/stm32f1xx_hal_gpio.o
                0x0000000008002612                HAL_GPIO_TogglePin
 .text.HAL_RCC_OscConfig
                0x0000000008002644      0x504 ./Drivers/STM32F1xx_HAL_Driver/Src/stm32f1xx_hal_rcc.o
                0x0000000008002644                HAL_RCC_OscConfig
 .text.HAL_RCC_ClockConfig
                0x0000000008002b48      0x1d4 ./Drivers/STM32F1xx_HAL_Driver/Src/stm32f1xx_hal_rcc.o
                0x0000000008002b48                HAL_RCC_ClockConfig
 .text.HAL_RCC_GetSysClockFreq
                0x0000000008002d1c       0xa8 ./Drivers/STM32F1xx_HAL_Driver/Src/stm32f1xx_hal_rcc.o
                0x0000000008002d1c                HAL_RCC_GetSysClockFreq
 .text.HAL_RCC_GetHCLKFreq
                0x0000000008002dc4       0x14 ./Drivers/STM32F1xx_HAL_Driver/Src/stm32f1xx_hal_rcc.o
                0x0000000008002dc4                HAL_RCC_GetHCLKFreq
 .text.HAL_RCC_GetPCLK1Freq
                0x0000000008002dd8       0x28 ./Drivers/STM32F1xx_HAL_Driver/Src/stm32f1xx_hal_rcc.o
                0x0000000008002dd8                HAL_RCC_GetPCLK1Freq
 .text.HAL_RCC_GetPCLK2Freq
                0x0000000008002e00       0x28 ./Drivers/STM32F1xx_HAL_Driver/Src/stm32f1xx_hal_rcc.o
                0x0000000008002e00                HAL_RCC_GetPCLK2Freq
 .text.HAL_RCC_GetClockConfig
                0x0000000008002e28       0x60 ./Drivers/STM32F1xx_HAL_Driver/Src/stm32f1xx_hal_rcc.o
                0x0000000008002e28                HAL_RCC_GetClockConfig
 .text.RCC_Delay
                0x0000000008002e88       0x3c ./Drivers/STM32F1xx_HAL_Driver/Src/stm32f1xx_hal_rcc.o
 .text.HAL_RCCEx_PeriphCLKConfig
                0x0000000008002ec4      0x16c ./Drivers/STM32F1xx_HAL_Driver/Src/stm32f1xx_hal_rcc_ex.o
                0x0000000008002ec4                HAL_RCCEx_PeriphCLKConfig
 .text.HAL_TIM_Base_Init
                0x0000000008003030       0x9e ./Drivers/STM32F1xx_HAL_Driver/Src/stm32f1xx_hal_tim.o
                0x0000000008003030                HAL_TIM_Base_Init
 .text.HAL_TIM_Base_MspInit
                0x00000000080030ce       0x12 ./Drivers/STM32F1xx_HAL_Driver/Src/stm32f1xx_hal_tim.o
                0x00000000080030ce                HAL_TIM_Base_MspInit
 .text.HAL_TIM_Base_Start_IT
                0x00000000080030e0       0xa4 ./Drivers/STM32F1xx_HAL_Driver/Src/stm32f1xx_hal_tim.o
                0x00000000080030e0                HAL_TIM_Base_Start_IT
 .text.HAL_TIM_IRQHandler
                0x0000000008003184      0x210 ./Drivers/STM32F1xx_HAL_Driver/Src/stm32f1xx_hal_tim.o
                0x0000000008003184                HAL_TIM_IRQHandler
 .text.HAL_TIM_OC_DelayElapsedCallback
                0x0000000008003394       0x12 ./Drivers/STM32F1xx_HAL_Driver/Src/stm32f1xx_hal_tim.o
                0x0000000008003394                HAL_TIM_OC_DelayElapsedCallback
 .text.HAL_TIM_IC_CaptureCallback
                0x00000000080033a6       0x12 ./Drivers/STM32F1xx_HAL_Driver/Src/stm32f1xx_hal_tim.o
                0x00000000080033a6                HAL_TIM_IC_CaptureCallback
 .text.HAL_TIM_PWM_PulseFinishedCallback
                0x00000000080033b8       0x12 ./Drivers/STM32F1xx_HAL_Driver/Src/stm32f1xx_hal_tim.o
                0x00000000080033b8                HAL_TIM_PWM_PulseFinishedCallback
 .text.HAL_TIM_TriggerCallback
                0x00000000080033ca       0x12 ./Drivers/STM32F1xx_HAL_Driver/Src/stm32f1xx_hal_tim.o
                0x00000000080033ca                HAL_TIM_TriggerCallback
 .text.TIM_Base_SetConfig
                0x00000000080033dc       0xc4 ./Drivers/STM32F1xx_HAL_Driver/Src/stm32f1xx_hal_tim.o
                0x00000000080033dc                TIM_Base_SetConfig
 .text.HAL_TIMEx_CommutCallback
                0x00000000080034a0       0x12 ./Drivers/STM32F1xx_HAL_Driver/Src/stm32f1xx_hal_tim_ex.o
                0x00000000080034a0                HAL_TIMEx_CommutCallback
 .text.HAL_TIMEx_BreakCallback
                0x00000000080034b2       0x12 ./Drivers/STM32F1xx_HAL_Driver/Src/stm32f1xx_hal_tim_ex.o
                0x00000000080034b2                HAL_TIMEx_BreakCallback
 .text.HAL_UART_Init
                0x00000000080034c4       0xa0 ./Drivers/STM32F1xx_HAL_Driver/Src/stm32f1xx_hal_uart.o
                0x00000000080034c4                HAL_UART_Init
 .text.HAL_UART_Transmit
                0x0000000008003564      0x106 ./Drivers/STM32F1xx_HAL_Driver/Src/stm32f1xx_hal_uart.o
                0x0000000008003564                HAL_UART_Transmit
 .text.UART_WaitOnFlagUntilTimeout
                0x000000000800366a       0xdc ./Drivers/STM32F1xx_HAL_Driver/Src/stm32f1xx_hal_uart.o
 *fill*         0x0000000008003746        0x2 
 .text.UART_SetConfig
                0x0000000008003748      0x11c ./Drivers/STM32F1xx_HAL_Driver/Src/stm32f1xx_hal_uart.o
 .text.__libc_init_array
                0x0000000008003864       0x48 c:/st/stm32cubeide_1.4.0/stm32cubeide/plugins/com.st.stm32cube.ide.mcu.externaltools.gnu-tools-for-stm32.10.3-2021.10.win32_1.0.100.202210260954/tools/bin/../lib/gcc/arm-none-eabi/10.3.1/../../../../arm-none-eabi/lib/thumb/v7-m/nofp\libc_nano.a(lib_a-init.o)
                0x0000000008003864                __libc_init_array
 .text.memset   0x00000000080038ac       0x10 c:/st/stm32cubeide_1.4.0/stm32cubeide/plugins/com.st.stm32cube.ide.mcu.externaltools.gnu-tools-for-stm32.10.3-2021.10.win32_1.0.100.202210260954/tools/bin/../lib/gcc/arm-none-eabi/10.3.1/../../../../arm-none-eabi/lib/thumb/v7-m/nofp\libc_nano.a(lib_a-memset.o)
                0x00000000080038ac                memset
 *(.glue_7)
 .glue_7        0x00000000080038bc        0x0 linker stubs
 *(.glue_7t)
 .glue_7t       0x00000000080038bc        0x0 linker stubs
 *(.eh_frame)
 .eh_frame      0x00000000080038bc        0x0 c:/st/stm32cubeide_1.4.0/stm32cubeide/plugins/com.st.stm32cube.ide.mcu.externaltools.gnu-tools-for-stm32.10.3-2021.10.win32_1.0.100.202210260954/tools/bin/../lib/gcc/arm-none-eabi/10.3.1/thumb/v7-m/nofp/crtbegin.o
 *(.init)
 .init          0x00000000080038bc        0x4 c:/st/stm32cubeide_1.4.0/stm32cubeide/plugins/com.st.stm32cube.ide.mcu.externaltools.gnu-tools-for-stm32.10.3-2021.10.win32_1.0.100.202210260954/tools/bin/../lib/gcc/arm-none-eabi/10.3.1/thumb/v7-m/nofp/crti.o
                0x00000000080038bc                _init
 .init          0x00000000080038c0        0x8 c:/st/stm32cubeide_1.4.0/stm32cubeide/plugins/com.st.stm32cube.ide.mcu.externaltools.gnu-tools-for-stm32.10.3-2021.10.win32_1.0.100.202210260954/tools/bin/../lib/gcc/arm-none-eabi/10.3.1/thumb/v7-m/nofp/crtn.o
 *(.fini)
 .fini          0x00000000080038c8        0x4 c:/st/stm32cubeide_1.4.0/stm32cubeide/plugins/com.st.stm32cube.ide.mcu.externaltools.gnu-tools-for-stm32.10.3-2021.10.win32_1.0.100.202210260954/tools/bin/../lib/gcc/arm-none-eabi/10.3.1/thumb/v7-m/nofp/crti.o
                0x00000000080038c8                _fini
 .fini          0x00000000080038cc        0x8 c:/st/stm32cubeide_1.4.0/stm32cubeide/plugins/com.st.stm32cube.ide.mcu.externaltools.gnu-tools-for-stm32.10.3-2021.10.win32_1.0.100.202210260954/tools/bin/../lib/gcc/arm-none-eabi/10.3.1/thumb/v7-m/nofp/crtn.o
                0x00000000080038d4                . = ALIGN (0x4)
                0x00000000080038d4                _etext = .

.vfp11_veneer   0x00000000080038d4        0x0
 .vfp11_veneer  0x00000000080038d4        0x0 linker stubs

.v4_bx          0x00000000080038d4        0x0
 .v4_bx         0x00000000080038d4        0x0 linker stubs

.iplt           0x00000000080038d4        0x0
 .iplt          0x00000000080038d4        0x0 c:/st/stm32cubeide_1.4.0/stm32cubeide/plugins/com.st.stm32cube.ide.mcu.externaltools.gnu-tools-for-stm32.10.3-2021.10.win32_1.0.100.202210260954/tools/bin/../lib/gcc/arm-none-eabi/10.3.1/thumb/v7-m/nofp/crtbegin.o

.rodata         0x00000000080038d4       0x54
                0x00000000080038d4                . = ALIGN (0x4)
 *(.rodata)
 .rodata        0x00000000080038d4        0xd ./Core/Src/main.o
 *fill*         0x00000000080038e1        0x3 
 .rodata        0x00000000080038e4       0x17 ./Core/Src/temperature_control.o
 *(.rodata*)
 *fill*         0x00000000080038fb        0x1 
 .rodata.AHBPrescTable
                0x00000000080038fc       0x10 ./Core/Src/system_stm32f1xx.o
                0x00000000080038fc                AHBPrescTable
 .rodata.APBPrescTable
                0x000000000800390c        0x8 ./Core/Src/system_stm32f1xx.o
                0x000000000800390c                APBPrescTable
 .rodata.aPLLMULFactorTable.1
                0x0000000008003914       0x10 ./Drivers/STM32F1xx_HAL_Driver/Src/stm32f1xx_hal_rcc.o
 .rodata.aPredivFactorTable.0
                0x0000000008003924        0x2 ./Drivers/STM32F1xx_HAL_Driver/Src/stm32f1xx_hal_rcc.o
                0x0000000008003928                . = ALIGN (0x4)
 *fill*         0x0000000008003926        0x2 

.rel.dyn        0x0000000008003928        0x0
 .rel.iplt      0x0000000008003928        0x0 c:/st/stm32cubeide_1.4.0/stm32cubeide/plugins/com.st.stm32cube.ide.mcu.externaltools.gnu-tools-for-stm32.10.3-2021.10.win32_1.0.100.202210260954/tools/bin/../lib/gcc/arm-none-eabi/10.3.1/thumb/v7-m/nofp/crtbegin.o

.ARM.extab      0x0000000008003928        0x0
                0x0000000008003928                . = ALIGN (0x4)
 *(.ARM.extab* .gnu.linkonce.armextab.*)
                0x0000000008003928                . = ALIGN (0x4)

.ARM            0x0000000008003928        0x0
                0x0000000008003928                . = ALIGN (0x4)
                0x0000000008003928                __exidx_start = .
 *(.ARM.exidx*)
                0x0000000008003928                __exidx_end = .
                0x0000000008003928                . = ALIGN (0x4)

.preinit_array  0x0000000008003928        0x0
                0x0000000008003928                . = ALIGN (0x4)
                0x0000000008003928                PROVIDE (__preinit_array_start = .)
 *(.preinit_array*)
                0x0000000008003928                PROVIDE (__preinit_array_end = .)
                0x0000000008003928                . = ALIGN (0x4)

.init_array     0x0000000008003928        0x4
                0x0000000008003928                . = ALIGN (0x4)
                0x0000000008003928                PROVIDE (__init_array_start = .)
 *(SORT_BY_NAME(.init_array.*))
 *(.init_array*)
 .init_array    0x0000000008003928        0x4 c:/st/stm32cubeide_1.4.0/stm32cubeide/plugins/com.st.stm32cube.ide.mcu.externaltools.gnu-tools-for-stm32.10.3-2021.10.win32_1.0.100.202210260954/tools/bin/../lib/gcc/arm-none-eabi/10.3.1/thumb/v7-m/nofp/crtbegin.o
                0x000000000800392c                PROVIDE (__init_array_end = .)
                0x000000000800392c                . = ALIGN (0x4)

.fini_array     0x000000000800392c        0x4
                0x000000000800392c                . = ALIGN (0x4)
                [!provide]                        PROVIDE (__fini_array_start = .)
 *(SORT_BY_NAME(.fini_array.*))
 *(.fini_array*)
 .fini_array    0x000000000800392c        0x4 c:/st/stm32cubeide_1.4.0/stm32cubeide/plugins/com.st.stm32cube.ide.mcu.externaltools.gnu-tools-for-stm32.10.3-2021.10.win32_1.0.100.202210260954/tools/bin/../lib/gcc/arm-none-eabi/10.3.1/thumb/v7-m/nofp/crtbegin.o
                [!provide]                        PROVIDE (__fini_array_end = .)
                0x0000000008003930                . = ALIGN (0x4)
                0x0000000008003930                _sidata = LOADADDR (.data)

.data           0x0000000020000000       0x18 load address 0x0000000008003930
                0x0000000020000000                . = ALIGN (0x4)
                0x0000000020000000                _sdata = .
 *(.data)
 *(.data*)
 .data.SystemCoreClock
                0x0000000020000000        0x4 ./Core/Src/system_stm32f1xx.o
                0x0000000020000000                SystemCoreClock
 *fill*         0x0000000020000004        0x4 
 .data.s64TemperatureOnLcd
                0x0000000020000008        0x8 ./Core/Src/temperature_control.o
 .data.uwTickPrio
                0x0000000020000010        0x4 ./Drivers/STM32F1xx_HAL_Driver/Src/stm32f1xx_hal.o
                0x0000000020000010                uwTickPrio
 .data.uwTickFreq
                0x0000000020000014        0x1 ./Drivers/STM32F1xx_HAL_Driver/Src/stm32f1xx_hal.o
                0x0000000020000014                uwTickFreq
 *(.RamFunc)
 *(.RamFunc*)
                0x0000000020000018                . = ALIGN (0x4)
 *fill*         0x0000000020000015        0x3 
                0x0000000020000018                _edata = .

.igot.plt       0x0000000020000018        0x0 load address 0x0000000008003948
 .igot.plt      0x0000000020000018        0x0 c:/st/stm32cubeide_1.4.0/stm32cubeide/plugins/com.st.stm32cube.ide.mcu.externaltools.gnu-tools-for-stm32.10.3-2021.10.win32_1.0.100.202210260954/tools/bin/../lib/gcc/arm-none-eabi/10.3.1/thumb/v7-m/nofp/crtbegin.o
                0x0000000020000018                . = ALIGN (0x4)

.bss            0x0000000020000018       0xf4 load address 0x0000000008003948
                0x0000000020000018                _sbss = .
                0x0000000020000018                __bss_start__ = _sbss
 *(.bss)
 .bss           0x0000000020000018       0x1c c:/st/stm32cubeide_1.4.0/stm32cubeide/plugins/com.st.stm32cube.ide.mcu.externaltools.gnu-tools-for-stm32.10.3-2021.10.win32_1.0.100.202210260954/tools/bin/../lib/gcc/arm-none-eabi/10.3.1/thumb/v7-m/nofp/crtbegin.o
 *(.bss*)
 .bss.hadc1     0x0000000020000034       0x30 ./Core/Src/hardwarePortInit.o
 .bss.LOC_ptrArray.0
                0x0000000020000064        0xa ./Core/Src/lcdServices.o
 *fill*         0x000000002000006e        0x2 
 .bss.huart1    0x0000000020000070       0x48 ./Core/Src/main.o
                0x0000000020000070                huart1
 .bss.lcdConfigX
                0x00000000200000b8        0x3 ./Core/Src/main.o
                0x00000000200000b8                lcdConfigX
 *fill*         0x00000000200000bb        0x1 
 .bss.htim4     0x00000000200000bc       0x48 ./Core/Src/stm32f1xx_hal_timebase_tim.o
                0x00000000200000bc                htim4
 .bss.enumAutoButtonState
                0x0000000020000104        0x1 ./Core/Src/temperature_control.o
 *fill*         0x0000000020000105        0x3 
 .bss.uwTick    0x0000000020000108        0x4 ./Drivers/STM32F1xx_HAL_Driver/Src/stm32f1xx_hal.o
                0x0000000020000108                uwTick
 *(COMMON)
                0x000000002000010c                . = ALIGN (0x4)
                0x000000002000010c                _ebss = .
                0x000000002000010c                __bss_end__ = _ebss

._user_heap_stack
                0x000000002000010c      0x604 load address 0x0000000008003948
                0x0000000020000110                . = ALIGN (0x8)
 *fill*         0x000000002000010c        0x4 
                [!provide]                        PROVIDE (end = .)
                0x0000000020000110                PROVIDE (_end = .)
                0x0000000020000310                . = (. + _Min_Heap_Size)
 *fill*         0x0000000020000110      0x200 
                0x0000000020000710                . = (. + _Min_Stack_Size)
 *fill*         0x0000000020000310      0x400 
                0x0000000020000710                . = ALIGN (0x8)

/DISCARD/
 libc.a(*)
 libm.a(*)
 libgcc.a(*)

.ARM.attributes
                0x0000000000000000       0x29
 *(.ARM.attributes)
 .ARM.attributes
                0x0000000000000000       0x1d c:/st/stm32cubeide_1.4.0/stm32cubeide/plugins/com.st.stm32cube.ide.mcu.externaltools.gnu-tools-for-stm32.10.3-2021.10.win32_1.0.100.202210260954/tools/bin/../lib/gcc/arm-none-eabi/10.3.1/thumb/v7-m/nofp/crti.o
 .ARM.attributes
                0x000000000000001d       0x2d c:/st/stm32cubeide_1.4.0/stm32cubeide/plugins/com.st.stm32cube.ide.mcu.externaltools.gnu-tools-for-stm32.10.3-2021.10.win32_1.0.100.202210260954/tools/bin/../lib/gcc/arm-none-eabi/10.3.1/thumb/v7-m/nofp/crtbegin.o
 .ARM.attributes
                0x000000000000004a       0x2d ./Core/Src/Timer.o
 .ARM.attributes
                0x0000000000000077       0x2d ./Core/Src/hardwarePortInit.o
 .ARM.attributes
                0x00000000000000a4       0x2d ./Core/Src/keypad.o
 .ARM.attributes
                0x00000000000000d1       0x2d ./Core/Src/lcd.o
 .ARM.attributes
                0x00000000000000fe       0x2d ./Core/Src/lcdServices.o
 .ARM.attributes
                0x000000000000012b       0x2d ./Core/Src/main.o
 .ARM.attributes
                0x0000000000000158       0x2d ./Core/Src/mcu.o
 .ARM.attributes
                0x0000000000000185       0x2d ./Core/Src/stm32f1xx_hal_msp.o
 .ARM.attributes
                0x00000000000001b2       0x2d ./Core/Src/stm32f1xx_hal_timebase_tim.o
 .ARM.attributes
                0x00000000000001df       0x2d ./Core/Src/stm32f1xx_it.o
 .ARM.attributes
                0x000000000000020c       0x2d ./Core/Src/system_stm32f1xx.o
 .ARM.attributes
                0x0000000000000239       0x2d ./Core/Src/temperature_control.o
 .ARM.attributes
                0x0000000000000266       0x21 ./Core/Startup/startup_stm32f103c8tx.o
 .ARM.attributes
                0x0000000000000287       0x2d ./Drivers/STM32F1xx_HAL_Driver/Src/stm32f1xx_hal.o
 .ARM.attributes
                0x00000000000002b4       0x2d ./Drivers/STM32F1xx_HAL_Driver/Src/stm32f1xx_hal_adc.o
 .ARM.attributes
                0x00000000000002e1       0x2d ./Drivers/STM32F1xx_HAL_Driver/Src/stm32f1xx_hal_cortex.o
 .ARM.attributes
                0x000000000000030e       0x2d ./Drivers/STM32F1xx_HAL_Driver/Src/stm32f1xx_hal_gpio.o
 .ARM.attributes
                0x000000000000033b       0x2d ./Drivers/STM32F1xx_HAL_Driver/Src/stm32f1xx_hal_rcc.o
 .ARM.attributes
                0x0000000000000368       0x2d ./Drivers/STM32F1xx_HAL_Driver/Src/stm32f1xx_hal_rcc_ex.o
 .ARM.attributes
                0x0000000000000395       0x2d ./Drivers/STM32F1xx_HAL_Driver/Src/stm32f1xx_hal_tim.o
 .ARM.attributes
                0x00000000000003c2       0x2d ./Drivers/STM32F1xx_HAL_Driver/Src/stm32f1xx_hal_tim_ex.o
 .ARM.attributes
                0x00000000000003ef       0x2d ./Drivers/STM32F1xx_HAL_Driver/Src/stm32f1xx_hal_uart.o
 .ARM.attributes
                0x000000000000041c       0x2d c:/st/stm32cubeide_1.4.0/stm32cubeide/plugins/com.st.stm32cube.ide.mcu.externaltools.gnu-tools-for-stm32.10.3-2021.10.win32_1.0.100.202210260954/tools/bin/../lib/gcc/arm-none-eabi/10.3.1/../../../../arm-none-eabi/lib/thumb/v7-m/nofp\libc_nano.a(lib_a-init.o)
 .ARM.attributes
                0x0000000000000449       0x2d c:/st/stm32cubeide_1.4.0/stm32cubeide/plugins/com.st.stm32cube.ide.mcu.externaltools.gnu-tools-for-stm32.10.3-2021.10.win32_1.0.100.202210260954/tools/bin/../lib/gcc/arm-none-eabi/10.3.1/../../../../arm-none-eabi/lib/thumb/v7-m/nofp\libc_nano.a(lib_a-memset.o)
 .ARM.attributes
                0x0000000000000476       0x1d c:/st/stm32cubeide_1.4.0/stm32cubeide/plugins/com.st.stm32cube.ide.mcu.externaltools.gnu-tools-for-stm32.10.3-2021.10.win32_1.0.100.202210260954/tools/bin/../lib/gcc/arm-none-eabi/10.3.1/thumb/v7-m/nofp\libgcc.a(_arm_addsubdf3.o)
 .ARM.attributes
                0x0000000000000493       0x1d c:/st/stm32cubeide_1.4.0/stm32cubeide/plugins/com.st.stm32cube.ide.mcu.externaltools.gnu-tools-for-stm32.10.3-2021.10.win32_1.0.100.202210260954/tools/bin/../lib/gcc/arm-none-eabi/10.3.1/thumb/v7-m/nofp\libgcc.a(_arm_muldivdf3.o)
 .ARM.attributes
                0x00000000000004b0       0x1d c:/st/stm32cubeide_1.4.0/stm32cubeide/plugins/com.st.stm32cube.ide.mcu.externaltools.gnu-tools-for-stm32.10.3-2021.10.win32_1.0.100.202210260954/tools/bin/../lib/gcc/arm-none-eabi/10.3.1/thumb/v7-m/nofp\libgcc.a(_arm_cmpdf2.o)
 .ARM.attributes
                0x00000000000004cd       0x1d c:/st/stm32cubeide_1.4.0/stm32cubeide/plugins/com.st.stm32cube.ide.mcu.externaltools.gnu-tools-for-stm32.10.3-2021.10.win32_1.0.100.202210260954/tools/bin/../lib/gcc/arm-none-eabi/10.3.1/thumb/v7-m/nofp\libgcc.a(_arm_fixdfsi.o)
 .ARM.attributes
                0x00000000000004ea       0x1d c:/st/stm32cubeide_1.4.0/stm32cubeide/plugins/com.st.stm32cube.ide.mcu.externaltools.gnu-tools-for-stm32.10.3-2021.10.win32_1.0.100.202210260954/tools/bin/../lib/gcc/arm-none-eabi/10.3.1/thumb/v7-m/nofp/crtn.o
OUTPUT(ACCU3.elf elf32-littlearm)
LOAD linker stubs
LOAD c:/st/stm32cubeide_1.4.0/stm32cubeide/plugins/com.st.stm32cube.ide.mcu.externaltools.gnu-tools-for-stm32.10.3-2021.10.win32_1.0.100.202210260954/tools/bin/../lib/gcc/arm-none-eabi/10.3.1/../../../../arm-none-eabi/lib/thumb/v7-m/nofp\libc.a
LOAD c:/st/stm32cubeide_1.4.0/stm32cubeide/plugins/com.st.stm32cube.ide.mcu.externaltools.gnu-tools-for-stm32.10.3-2021.10.win32_1.0.100.202210260954/tools/bin/../lib/gcc/arm-none-eabi/10.3.1/../../../../arm-none-eabi/lib/thumb/v7-m/nofp\libm.a
LOAD c:/st/stm32cubeide_1.4.0/stm32cubeide/plugins/com.st.stm32cube.ide.mcu.externaltools.gnu-tools-for-stm32.10.3-2021.10.win32_1.0.100.202210260954/tools/bin/../lib/gcc/arm-none-eabi/10.3.1/thumb/v7-m/nofp\libgcc.a

.debug_info     0x0000000000000000    0x106de
 .debug_info    0x0000000000000000      0x339 ./Core/Src/Timer.o
 .debug_info    0x0000000000000339      0xc7b ./Core/Src/hardwarePortInit.o
 .debug_info    0x0000000000000fb4      0x2c8 ./Core/Src/keypad.o
 .debug_info    0x000000000000127c      0x4a1 ./Core/Src/lcd.o
 .debug_info    0x000000000000171d      0x13f ./Core/Src/lcdServices.o
 .debug_info    0x000000000000185c      0xd16 ./Core/Src/main.o
 .debug_info    0x0000000000002572      0x97b ./Core/Src/mcu.o
 .debug_info    0x0000000000002eed     0x10cf ./Core/Src/stm32f1xx_hal_msp.o
 .debug_info    0x0000000000003fbc      0xabe ./Core/Src/stm32f1xx_hal_timebase_tim.o
 .debug_info    0x0000000000004a7a      0x785 ./Core/Src/stm32f1xx_it.o
 .debug_info    0x00000000000051ff      0x265 ./Core/Src/system_stm32f1xx.o
 .debug_info    0x0000000000005464      0x2e8 ./Core/Src/temperature_control.o
 .debug_info    0x000000000000574c       0x22 ./Core/Startup/startup_stm32f103c8tx.o
 .debug_info    0x000000000000576e      0x7f8 ./Drivers/STM32F1xx_HAL_Driver/Src/stm32f1xx_hal.o
 .debug_info    0x0000000000005f66      0xe21 ./Drivers/STM32F1xx_HAL_Driver/Src/stm32f1xx_hal_adc.o
 .debug_info    0x0000000000006d87      0xbf9 ./Drivers/STM32F1xx_HAL_Driver/Src/stm32f1xx_hal_cortex.o
 .debug_info    0x0000000000007980      0x681 ./Drivers/STM32F1xx_HAL_Driver/Src/stm32f1xx_hal_gpio.o
 .debug_info    0x0000000000008001      0x924 ./Drivers/STM32F1xx_HAL_Driver/Src/stm32f1xx_hal_rcc.o
 .debug_info    0x0000000000008925      0x41f ./Drivers/STM32F1xx_HAL_Driver/Src/stm32f1xx_hal_rcc_ex.o
 .debug_info    0x0000000000008d44     0x2ed6 ./Drivers/STM32F1xx_HAL_Driver/Src/stm32f1xx_hal_tim.o
 .debug_info    0x000000000000bc1a     0x1763 ./Drivers/STM32F1xx_HAL_Driver/Src/stm32f1xx_hal_tim_ex.o
 .debug_info    0x000000000000d37d     0x3361 ./Drivers/STM32F1xx_HAL_Driver/Src/stm32f1xx_hal_uart.o

.debug_abbrev   0x0000000000000000     0x2686
 .debug_abbrev  0x0000000000000000      0x12a ./Core/Src/Timer.o
 .debug_abbrev  0x000000000000012a      0x1da ./Core/Src/hardwarePortInit.o
 .debug_abbrev  0x0000000000000304      0x173 ./Core/Src/keypad.o
 .debug_abbrev  0x0000000000000477      0x17a ./Core/Src/lcd.o
 .debug_abbrev  0x00000000000005f1       0x97 ./Core/Src/lcdServices.o
 .debug_abbrev  0x0000000000000688      0x215 ./Core/Src/main.o
 .debug_abbrev  0x000000000000089d      0x1ce ./Core/Src/mcu.o
 .debug_abbrev  0x0000000000000a6b      0x1ac ./Core/Src/stm32f1xx_hal_msp.o
 .debug_abbrev  0x0000000000000c17      0x1e8 ./Core/Src/stm32f1xx_hal_timebase_tim.o
 .debug_abbrev  0x0000000000000dff      0x173 ./Core/Src/stm32f1xx_it.o
 .debug_abbrev  0x0000000000000f72      0x13d ./Core/Src/system_stm32f1xx.o
 .debug_abbrev  0x00000000000010af      0x149 ./Core/Src/temperature_control.o
 .debug_abbrev  0x00000000000011f8       0x12 ./Core/Startup/startup_stm32f103c8tx.o
 .debug_abbrev  0x000000000000120a      0x1fd ./Drivers/STM32F1xx_HAL_Driver/Src/stm32f1xx_hal.o
 .debug_abbrev  0x0000000000001407      0x212 ./Drivers/STM32F1xx_HAL_Driver/Src/stm32f1xx_hal_adc.o
 .debug_abbrev  0x0000000000001619      0x2cd ./Drivers/STM32F1xx_HAL_Driver/Src/stm32f1xx_hal_cortex.o
 .debug_abbrev  0x00000000000018e6      0x1bd ./Drivers/STM32F1xx_HAL_Driver/Src/stm32f1xx_hal_gpio.o
 .debug_abbrev  0x0000000000001aa3      0x2aa ./Drivers/STM32F1xx_HAL_Driver/Src/stm32f1xx_hal_rcc.o
 .debug_abbrev  0x0000000000001d4d      0x184 ./Drivers/STM32F1xx_HAL_Driver/Src/stm32f1xx_hal_rcc_ex.o
 .debug_abbrev  0x0000000000001ed1      0x266 ./Drivers/STM32F1xx_HAL_Driver/Src/stm32f1xx_hal_tim.o
 .debug_abbrev  0x0000000000002137      0x26e ./Drivers/STM32F1xx_HAL_Driver/Src/stm32f1xx_hal_tim_ex.o
 .debug_abbrev  0x00000000000023a5      0x2e1 ./Drivers/STM32F1xx_HAL_Driver/Src/stm32f1xx_hal_uart.o

.debug_loc      0x0000000000000000     0x774a
 .debug_loc     0x0000000000000000       0x58 ./Core/Src/Timer.o
 .debug_loc     0x0000000000000058      0x148 ./Core/Src/hardwarePortInit.o
 .debug_loc     0x00000000000001a0       0xcc ./Core/Src/keypad.o
 .debug_loc     0x000000000000026c      0x20c ./Core/Src/lcd.o
 .debug_loc     0x0000000000000478       0x50 ./Core/Src/lcdServices.o
 .debug_loc     0x00000000000004c8       0x64 ./Core/Src/main.o
 .debug_loc     0x000000000000052c       0xce ./Core/Src/mcu.o
 .debug_loc     0x00000000000005fa      0x23c ./Core/Src/stm32f1xx_hal_msp.o
 .debug_loc     0x0000000000000836       0xda ./Core/Src/stm32f1xx_hal_timebase_tim.o
 .debug_loc     0x0000000000000910      0x1d4 ./Core/Src/stm32f1xx_it.o
 .debug_loc     0x0000000000000ae4       0xa0 ./Core/Src/system_stm32f1xx.o
 .debug_loc     0x0000000000000b84      0x110 ./Core/Src/temperature_control.o
 .debug_loc     0x0000000000000c94      0x698 ./Drivers/STM32F1xx_HAL_Driver/Src/stm32f1xx_hal.o
 .debug_loc     0x000000000000132c      0x8f4 ./Drivers/STM32F1xx_HAL_Driver/Src/stm32f1xx_hal_adc.o
 .debug_loc     0x0000000000001c20      0x8f8 ./Drivers/STM32F1xx_HAL_Driver/Src/stm32f1xx_hal_cortex.o
 .debug_loc     0x0000000000002518      0x2d4 ./Drivers/STM32F1xx_HAL_Driver/Src/stm32f1xx_hal_gpio.o
 .debug_loc     0x00000000000027ec      0x444 ./Drivers/STM32F1xx_HAL_Driver/Src/stm32f1xx_hal_rcc.o
 .debug_loc     0x0000000000002c30       0xfc ./Drivers/STM32F1xx_HAL_Driver/Src/stm32f1xx_hal_rcc_ex.o
 .debug_loc     0x0000000000002d2c     0x27a0 ./Drivers/STM32F1xx_HAL_Driver/Src/stm32f1xx_hal_tim.o
 .debug_loc     0x00000000000054cc      0xdc8 ./Drivers/STM32F1xx_HAL_Driver/Src/stm32f1xx_hal_tim_ex.o
 .debug_loc     0x0000000000006294     0x14b6 ./Drivers/STM32F1xx_HAL_Driver/Src/stm32f1xx_hal_uart.o

.debug_aranges  0x0000000000000000      0xdf0
 .debug_aranges
                0x0000000000000000       0x28 ./Core/Src/Timer.o
 .debug_aranges
                0x0000000000000028       0x40 ./Core/Src/hardwarePortInit.o
 .debug_aranges
                0x0000000000000068       0x30 ./Core/Src/keypad.o
 .debug_aranges
                0x0000000000000098       0x50 ./Core/Src/lcd.o
 .debug_aranges
                0x00000000000000e8       0x20 ./Core/Src/lcdServices.o
 .debug_aranges
                0x0000000000000108       0x28 ./Core/Src/main.o
 .debug_aranges
                0x0000000000000130       0x30 ./Core/Src/mcu.o
 .debug_aranges
                0x0000000000000160       0x50 ./Core/Src/stm32f1xx_hal_msp.o
 .debug_aranges
                0x00000000000001b0       0x30 ./Core/Src/stm32f1xx_hal_timebase_tim.o
 .debug_aranges
                0x00000000000001e0       0x60 ./Core/Src/stm32f1xx_it.o
 .debug_aranges
                0x0000000000000240       0x28 ./Core/Src/system_stm32f1xx.o
 .debug_aranges
                0x0000000000000268       0x38 ./Core/Src/temperature_control.o
 .debug_aranges
                0x00000000000002a0       0x28 ./Core/Startup/startup_stm32f103c8tx.o
 .debug_aranges
                0x00000000000002c8       0xe0 ./Drivers/STM32F1xx_HAL_Driver/Src/stm32f1xx_hal.o
 .debug_aranges
                0x00000000000003a8       0xf0 ./Drivers/STM32F1xx_HAL_Driver/Src/stm32f1xx_hal_adc.o
 .debug_aranges
                0x0000000000000498      0x100 ./Drivers/STM32F1xx_HAL_Driver/Src/stm32f1xx_hal_cortex.o
 .debug_aranges
                0x0000000000000598       0x58 ./Drivers/STM32F1xx_HAL_Driver/Src/stm32f1xx_hal_gpio.o
 .debug_aranges
                0x00000000000005f0       0x90 ./Drivers/STM32F1xx_HAL_Driver/Src/stm32f1xx_hal_rcc.o
 .debug_aranges
                0x0000000000000680       0x30 ./Drivers/STM32F1xx_HAL_Driver/Src/stm32f1xx_hal_rcc_ex.o
 .debug_aranges
                0x00000000000006b0      0x3d0 ./Drivers/STM32F1xx_HAL_Driver/Src/stm32f1xx_hal_tim.o
 .debug_aranges
                0x0000000000000a80      0x168 ./Drivers/STM32F1xx_HAL_Driver/Src/stm32f1xx_hal_tim_ex.o
 .debug_aranges
                0x0000000000000be8      0x208 ./Drivers/STM32F1xx_HAL_Driver/Src/stm32f1xx_hal_uart.o

.debug_ranges   0x0000000000000000      0xcc8
 .debug_ranges  0x0000000000000000       0x18 ./Core/Src/Timer.o
 .debug_ranges  0x0000000000000018       0x30 ./Core/Src/hardwarePortInit.o
 .debug_ranges  0x0000000000000048       0x20 ./Core/Src/keypad.o
 .debug_ranges  0x0000000000000068       0x40 ./Core/Src/lcd.o
 .debug_ranges  0x00000000000000a8       0x10 ./Core/Src/lcdServices.o
 .debug_ranges  0x00000000000000b8       0x18 ./Core/Src/main.o
 .debug_ranges  0x00000000000000d0       0x20 ./Core/Src/mcu.o
 .debug_ranges  0x00000000000000f0       0x40 ./Core/Src/stm32f1xx_hal_msp.o
 .debug_ranges  0x0000000000000130       0x20 ./Core/Src/stm32f1xx_hal_timebase_tim.o
 .debug_ranges  0x0000000000000150       0x50 ./Core/Src/stm32f1xx_it.o
 .debug_ranges  0x00000000000001a0       0x18 ./Core/Src/system_stm32f1xx.o
 .debug_ranges  0x00000000000001b8       0x28 ./Core/Src/temperature_control.o
 .debug_ranges  0x00000000000001e0       0x20 ./Core/Startup/startup_stm32f103c8tx.o
 .debug_ranges  0x0000000000000200       0xd0 ./Drivers/STM32F1xx_HAL_Driver/Src/stm32f1xx_hal.o
 .debug_ranges  0x00000000000002d0       0xe0 ./Drivers/STM32F1xx_HAL_Driver/Src/stm32f1xx_hal_adc.o
 .debug_ranges  0x00000000000003b0       0xf0 ./Drivers/STM32F1xx_HAL_Driver/Src/stm32f1xx_hal_cortex.o
 .debug_ranges  0x00000000000004a0       0x48 ./Drivers/STM32F1xx_HAL_Driver/Src/stm32f1xx_hal_gpio.o
 .debug_ranges  0x00000000000004e8       0x80 ./Drivers/STM32F1xx_HAL_Driver/Src/stm32f1xx_hal_rcc.o
 .debug_ranges  0x0000000000000568       0x20 ./Drivers/STM32F1xx_HAL_Driver/Src/stm32f1xx_hal_rcc_ex.o
 .debug_ranges  0x0000000000000588      0x3c0 ./Drivers/STM32F1xx_HAL_Driver/Src/stm32f1xx_hal_tim.o
 .debug_ranges  0x0000000000000948      0x158 ./Drivers/STM32F1xx_HAL_Driver/Src/stm32f1xx_hal_tim_ex.o
 .debug_ranges  0x0000000000000aa0      0x228 ./Drivers/STM32F1xx_HAL_Driver/Src/stm32f1xx_hal_uart.o

.debug_macro    0x0000000000000000    0x1996e
 .debug_macro   0x0000000000000000      0x1dd ./Core/Src/Timer.o
 .debug_macro   0x00000000000001dd      0xa6c ./Core/Src/Timer.o
 .debug_macro   0x0000000000000c49      0x227 ./Core/Src/Timer.o
 .debug_macro   0x0000000000000e70       0x2e ./Core/Src/Timer.o
 .debug_macro   0x0000000000000e9e       0x22 ./Core/Src/Timer.o
 .debug_macro   0x0000000000000ec0       0x22 ./Core/Src/Timer.o
 .debug_macro   0x0000000000000ee2       0x8e ./Core/Src/Timer.o
 .debug_macro   0x0000000000000f70       0x51 ./Core/Src/Timer.o
 .debug_macro   0x0000000000000fc1      0x103 ./Core/Src/Timer.o
 .debug_macro   0x00000000000010c4       0x6a ./Core/Src/Timer.o
 .debug_macro   0x000000000000112e      0x1df ./Core/Src/Timer.o
 .debug_macro   0x000000000000130d       0x1c ./Core/Src/Timer.o
 .debug_macro   0x0000000000001329       0x22 ./Core/Src/Timer.o
 .debug_macro   0x000000000000134b       0xbd ./Core/Src/Timer.o
 .debug_macro   0x0000000000001408      0xd23 ./Core/Src/Timer.o
 .debug_macro   0x000000000000212b     0xe09e ./Core/Src/Timer.o
 .debug_macro   0x00000000000101c9       0x6d ./Core/Src/Timer.o
 .debug_macro   0x0000000000010236     0x348d ./Core/Src/Timer.o
 .debug_macro   0x00000000000136c3      0x174 ./Core/Src/Timer.o
 .debug_macro   0x0000000000013837       0x5c ./Core/Src/Timer.o
 .debug_macro   0x0000000000013893      0x5bc ./Core/Src/Timer.o
 .debug_macro   0x0000000000013e4f      0x289 ./Core/Src/Timer.o
 .debug_macro   0x00000000000140d8      0x1cb ./Core/Src/Timer.o
 .debug_macro   0x00000000000142a3      0x114 ./Core/Src/Timer.o
 .debug_macro   0x00000000000143b7      0x1b2 ./Core/Src/Timer.o
 .debug_macro   0x0000000000014569       0x27 ./Core/Src/Timer.o
 .debug_macro   0x0000000000014590      0x136 ./Core/Src/Timer.o
 .debug_macro   0x00000000000146c6      0x1bc ./Core/Src/Timer.o
 .debug_macro   0x0000000000014882       0x34 ./Core/Src/Timer.o
 .debug_macro   0x00000000000148b6       0x3c ./Core/Src/Timer.o
 .debug_macro   0x00000000000148f2      0x408 ./Core/Src/Timer.o
 .debug_macro   0x0000000000014cfa       0x57 ./Core/Src/Timer.o
 .debug_macro   0x0000000000014d51      0x46a ./Core/Src/Timer.o
 .debug_macro   0x00000000000151bb      0x1b5 ./Core/Src/Timer.o
 .debug_macro   0x0000000000015370       0x87 ./Core/Src/Timer.o
 .debug_macro   0x00000000000153f7      0x240 ./Core/Src/Timer.o
 .debug_macro   0x0000000000015637      0x140 ./Core/Src/Timer.o
 .debug_macro   0x0000000000015777      0x8ed ./Core/Src/Timer.o
 .debug_macro   0x0000000000016064      0x28e ./Core/Src/Timer.o
 .debug_macro   0x00000000000162f2       0x83 ./Core/Src/Timer.o
 .debug_macro   0x0000000000016375       0x16 ./Core/Src/Timer.o
 .debug_macro   0x000000000001638b      0x11e ./Core/Src/Timer.o
 .debug_macro   0x00000000000164a9      0x2c1 ./Core/Src/hardwarePortInit.o
 .debug_macro   0x000000000001676a       0x18 ./Core/Src/hardwarePortInit.o
 .debug_macro   0x0000000000016782       0x52 ./Core/Src/hardwarePortInit.o
 .debug_macro   0x00000000000167d4       0x3c ./Core/Src/hardwarePortInit.o
 .debug_macro   0x0000000000016810       0x34 ./Core/Src/hardwarePortInit.o
 .debug_macro   0x0000000000016844       0x16 ./Core/Src/hardwarePortInit.o
 .debug_macro   0x000000000001685a       0x35 ./Core/Src/hardwarePortInit.o
 .debug_macro   0x000000000001688f       0x16 ./Core/Src/hardwarePortInit.o
 .debug_macro   0x00000000000168a5       0x43 ./Core/Src/hardwarePortInit.o
 .debug_macro   0x00000000000168e8       0x34 ./Core/Src/hardwarePortInit.o
 .debug_macro   0x000000000001691c       0x10 ./Core/Src/hardwarePortInit.o
 .debug_macro   0x000000000001692c       0x58 ./Core/Src/hardwarePortInit.o
 .debug_macro   0x0000000000016984       0x71 ./Core/Src/hardwarePortInit.o
 .debug_macro   0x00000000000169f5       0x1c ./Core/Src/hardwarePortInit.o
 .debug_macro   0x0000000000016a11      0x12a ./Core/Src/hardwarePortInit.o
 .debug_macro   0x0000000000016b3b      0x341 ./Core/Src/hardwarePortInit.o
 .debug_macro   0x0000000000016e7c       0x16 ./Core/Src/hardwarePortInit.o
 .debug_macro   0x0000000000016e92       0x29 ./Core/Src/hardwarePortInit.o
 .debug_macro   0x0000000000016ebb      0x2ad ./Core/Src/keypad.o
 .debug_macro   0x0000000000017168       0x4c ./Core/Src/keypad.o
 .debug_macro   0x00000000000171b4       0x94 ./Core/Src/keypad.o
 .debug_macro   0x0000000000017248      0x10e ./Core/Src/keypad.o
 .debug_macro   0x0000000000017356       0x8d ./Core/Src/keypad.o
 .debug_macro   0x00000000000173e3       0x57 ./Core/Src/keypad.o
 .debug_macro   0x000000000001743a       0x56 ./Core/Src/keypad.o
 .debug_macro   0x0000000000017490       0x9a ./Core/Src/keypad.o
 .debug_macro   0x000000000001752a      0x1ed ./Core/Src/lcd.o
 .debug_macro   0x0000000000017717       0xd0 ./Core/Src/lcd.o
 .debug_macro   0x00000000000177e7       0x2e ./Core/Src/lcdServices.o
 .debug_macro   0x0000000000017815      0x307 ./Core/Src/main.o
 .debug_macro   0x0000000000017b1c      0x118 ./Core/Src/main.o
 .debug_macro   0x0000000000017c34      0x2a6 ./Core/Src/mcu.o
 .debug_macro   0x0000000000017eda      0x1d0 ./Core/Src/stm32f1xx_hal_msp.o
 .debug_macro   0x00000000000180aa      0x1c1 ./Core/Src/stm32f1xx_hal_timebase_tim.o
 .debug_macro   0x000000000001826b      0x1da ./Core/Src/stm32f1xx_it.o
 .debug_macro   0x0000000000018445      0x1c1 ./Core/Src/system_stm32f1xx.o
 .debug_macro   0x0000000000018606      0x2df ./Core/Src/temperature_control.o
 .debug_macro   0x00000000000188e5      0x1e5 ./Drivers/STM32F1xx_HAL_Driver/Src/stm32f1xx_hal.o
 .debug_macro   0x0000000000018aca      0x1de ./Drivers/STM32F1xx_HAL_Driver/Src/stm32f1xx_hal_adc.o
 .debug_macro   0x0000000000018ca8      0x1c1 ./Drivers/STM32F1xx_HAL_Driver/Src/stm32f1xx_hal_cortex.o
 .debug_macro   0x0000000000018e69      0x22c ./Drivers/STM32F1xx_HAL_Driver/Src/stm32f1xx_hal_gpio.o
 .debug_macro   0x0000000000019095      0x1d3 ./Drivers/STM32F1xx_HAL_Driver/Src/stm32f1xx_hal_rcc.o
 .debug_macro   0x0000000000019268      0x1c1 ./Drivers/STM32F1xx_HAL_Driver/Src/stm32f1xx_hal_rcc_ex.o
 .debug_macro   0x0000000000019429      0x1c2 ./Drivers/STM32F1xx_HAL_Driver/Src/stm32f1xx_hal_tim.o
 .debug_macro   0x00000000000195eb      0x1c1 ./Drivers/STM32F1xx_HAL_Driver/Src/stm32f1xx_hal_tim_ex.o
 .debug_macro   0x00000000000197ac      0x1c2 ./Drivers/STM32F1xx_HAL_Driver/Src/stm32f1xx_hal_uart.o

.debug_line     0x0000000000000000    0x11691
 .debug_line    0x0000000000000000      0x6e7 ./Core/Src/Timer.o
 .debug_line    0x00000000000006e7      0x947 ./Core/Src/hardwarePortInit.o
 .debug_line    0x000000000000102e      0x90a ./Core/Src/keypad.o
 .debug_line    0x0000000000001938      0x8d1 ./Core/Src/lcd.o
 .debug_line    0x0000000000002209      0x122 ./Core/Src/lcdServices.o
 .debug_line    0x000000000000232b      0x90b ./Core/Src/main.o
 .debug_line    0x0000000000002c36      0x8a2 ./Core/Src/mcu.o
 .debug_line    0x00000000000034d8      0x7ab ./Core/Src/stm32f1xx_hal_msp.o
 .debug_line    0x0000000000003c83      0x738 ./Core/Src/stm32f1xx_hal_timebase_tim.o
 .debug_line    0x00000000000043bb      0x780 ./Core/Src/stm32f1xx_it.o
 .debug_line    0x0000000000004b3b      0x73c ./Core/Src/system_stm32f1xx.o
 .debug_line    0x0000000000005277      0x978 ./Core/Src/temperature_control.o
 .debug_line    0x0000000000005bef       0x86 ./Core/Startup/startup_stm32f103c8tx.o
 .debug_line    0x0000000000005c75      0x969 ./Drivers/STM32F1xx_HAL_Driver/Src/stm32f1xx_hal.o
 .debug_line    0x00000000000065de      0xfee ./Drivers/STM32F1xx_HAL_Driver/Src/stm32f1xx_hal_adc.o
 .debug_line    0x00000000000075cc      0xb51 ./Drivers/STM32F1xx_HAL_Driver/Src/stm32f1xx_hal_cortex.o
 .debug_line    0x000000000000811d      0xa02 ./Drivers/STM32F1xx_HAL_Driver/Src/stm32f1xx_hal_gpio.o
 .debug_line    0x0000000000008b1f      0xd75 ./Drivers/STM32F1xx_HAL_Driver/Src/stm32f1xx_hal_rcc.o
 .debug_line    0x0000000000009894      0x8b0 ./Drivers/STM32F1xx_HAL_Driver/Src/stm32f1xx_hal_rcc_ex.o
 .debug_line    0x000000000000a144     0x33f4 ./Drivers/STM32F1xx_HAL_Driver/Src/stm32f1xx_hal_tim.o
 .debug_line    0x000000000000d538     0x18bf ./Drivers/STM32F1xx_HAL_Driver/Src/stm32f1xx_hal_tim_ex.o
 .debug_line    0x000000000000edf7     0x289a ./Drivers/STM32F1xx_HAL_Driver/Src/stm32f1xx_hal_uart.o

.debug_str      0x0000000000000000    0x91a44
 .debug_str     0x0000000000000000    0x8a427 ./Core/Src/Timer.o
                                      0x8a7ec (size before relaxing)
 .debug_str     0x000000000008a427     0x351b ./Core/Src/hardwarePortInit.o
                                      0x8da64 (size before relaxing)
 .debug_str     0x000000000008d942      0x393 ./Core/Src/keypad.o
                                      0x8d290 (size before relaxing)
 .debug_str     0x000000000008dcd5      0x89d ./Core/Src/lcd.o
                                      0x8a92b (size before relaxing)
 .debug_str     0x000000000008e572       0xb2 ./Core/Src/lcdServices.o
                                       0x2dc4 (size before relaxing)
 .debug_str     0x000000000008e624      0x319 ./Core/Src/main.o
                                      0x8e4d4 (size before relaxing)
 .debug_str     0x000000000008e93d      0x47a ./Core/Src/mcu.o
                                      0x8d5b4 (size before relaxing)
 .debug_str     0x000000000008edb7       0xd3 ./Core/Src/stm32f1xx_hal_msp.o
                                      0x8acf5 (size before relaxing)
 .debug_str     0x000000000008ee8a      0x11a ./Core/Src/stm32f1xx_hal_timebase_tim.o
                                      0x8a96f (size before relaxing)
 .debug_str     0x000000000008efa4       0xd0 ./Core/Src/stm32f1xx_it.o
                                      0x8a991 (size before relaxing)
 .debug_str     0x000000000008f074       0x73 ./Core/Src/system_stm32f1xx.o
                                      0x8a0a7 (size before relaxing)
 .debug_str     0x000000000008f0e7      0x164 ./Core/Src/temperature_control.o
                                      0x8ddbd (size before relaxing)
 .debug_str     0x000000000008f24b       0x36 ./Core/Startup/startup_stm32f103c8tx.o
                                         0x61 (size before relaxing)
 .debug_str     0x000000000008f281      0x32d ./Drivers/STM32F1xx_HAL_Driver/Src/stm32f1xx_hal.o
                                      0x8a7da (size before relaxing)
 .debug_str     0x000000000008f5ae      0x38e ./Drivers/STM32F1xx_HAL_Driver/Src/stm32f1xx_hal_adc.o
                                      0x8a78b (size before relaxing)
 .debug_str     0x000000000008f93c      0x280 ./Drivers/STM32F1xx_HAL_Driver/Src/stm32f1xx_hal_cortex.o
                                      0x8a726 (size before relaxing)
 .debug_str     0x000000000008fbbc      0x2c2 ./Drivers/STM32F1xx_HAL_Driver/Src/stm32f1xx_hal_gpio.o
                                      0x8a42d (size before relaxing)
 .debug_str     0x000000000008fe7e      0x1df ./Drivers/STM32F1xx_HAL_Driver/Src/stm32f1xx_hal_rcc.o
                                      0x8a4d6 (size before relaxing)
 .debug_str     0x000000000009005d       0x84 ./Drivers/STM32F1xx_HAL_Driver/Src/stm32f1xx_hal_rcc_ex.o
                                      0x8a226 (size before relaxing)
 .debug_str     0x00000000000900e1      0xe4a ./Drivers/STM32F1xx_HAL_Driver/Src/stm32f1xx_hal_tim.o
                                      0x8b4c8 (size before relaxing)
 .debug_str     0x0000000000090f2b      0x503 ./Drivers/STM32F1xx_HAL_Driver/Src/stm32f1xx_hal_tim_ex.o
                                      0x8ace4 (size before relaxing)
 .debug_str     0x000000000009142e      0x616 ./Drivers/STM32F1xx_HAL_Driver/Src/stm32f1xx_hal_uart.o
                                      0x8ab47 (size before relaxing)

.comment        0x0000000000000000       0x50
 .comment       0x0000000000000000       0x50 ./Core/Src/Timer.o
                                         0x51 (size before relaxing)
 .comment       0x0000000000000050       0x51 ./Core/Src/hardwarePortInit.o
 .comment       0x0000000000000050       0x51 ./Core/Src/keypad.o
 .comment       0x0000000000000050       0x51 ./Core/Src/lcd.o
 .comment       0x0000000000000050       0x51 ./Core/Src/lcdServices.o
 .comment       0x0000000000000050       0x51 ./Core/Src/main.o
 .comment       0x0000000000000050       0x51 ./Core/Src/mcu.o
 .comment       0x0000000000000050       0x51 ./Core/Src/stm32f1xx_hal_msp.o
 .comment       0x0000000000000050       0x51 ./Core/Src/stm32f1xx_hal_timebase_tim.o
 .comment       0x0000000000000050       0x51 ./Core/Src/stm32f1xx_it.o
 .comment       0x0000000000000050       0x51 ./Core/Src/system_stm32f1xx.o
 .comment       0x0000000000000050       0x51 ./Core/Src/temperature_control.o
 .comment       0x0000000000000050       0x51 ./Drivers/STM32F1xx_HAL_Driver/Src/stm32f1xx_hal.o
 .comment       0x0000000000000050       0x51 ./Drivers/STM32F1xx_HAL_Driver/Src/stm32f1xx_hal_adc.o
 .comment       0x0000000000000050       0x51 ./Drivers/STM32F1xx_HAL_Driver/Src/stm32f1xx_hal_cortex.o
 .comment       0x0000000000000050       0x51 ./Drivers/STM32F1xx_HAL_Driver/Src/stm32f1xx_hal_gpio.o
 .comment       0x0000000000000050       0x51 ./Drivers/STM32F1xx_HAL_Driver/Src/stm32f1xx_hal_rcc.o
 .comment       0x0000000000000050       0x51 ./Drivers/STM32F1xx_HAL_Driver/Src/stm32f1xx_hal_rcc_ex.o
 .comment       0x0000000000000050       0x51 ./Drivers/STM32F1xx_HAL_Driver/Src/stm32f1xx_hal_tim.o
 .comment       0x0000000000000050       0x51 ./Drivers/STM32F1xx_HAL_Driver/Src/stm32f1xx_hal_tim_ex.o
 .comment       0x0000000000000050       0x51 ./Drivers/STM32F1xx_HAL_Driver/Src/stm32f1xx_hal_uart.o

.debug_frame    0x0000000000000000     0x398c
 .debug_frame   0x0000000000000000       0x48 ./Core/Src/Timer.o
 .debug_frame   0x0000000000000048       0xb4 ./Core/Src/hardwarePortInit.o
 .debug_frame   0x00000000000000fc       0x74 ./Core/Src/keypad.o
 .debug_frame   0x0000000000000170      0x104 ./Core/Src/lcd.o
 .debug_frame   0x0000000000000274       0x34 ./Core/Src/lcdServices.o
 .debug_frame   0x00000000000002a8       0x4c ./Core/Src/main.o
 .debug_frame   0x00000000000002f4       0x70 ./Core/Src/mcu.o
 .debug_frame   0x0000000000000364      0x110 ./Core/Src/stm32f1xx_hal_msp.o
 .debug_frame   0x0000000000000474       0x74 ./Core/Src/stm32f1xx_hal_timebase_tim.o
 .debug_frame   0x00000000000004e8      0x104 ./Core/Src/stm32f1xx_it.o
 .debug_frame   0x00000000000005ec       0x58 ./Core/Src/system_stm32f1xx.o
 .debug_frame   0x0000000000000644       0x94 ./Core/Src/temperature_control.o
 .debug_frame   0x00000000000006d8      0x334 ./Drivers/STM32F1xx_HAL_Driver/Src/stm32f1xx_hal.o
 .debug_frame   0x0000000000000a0c      0x40c ./Drivers/STM32F1xx_HAL_Driver/Src/stm32f1xx_hal_adc.o
 .debug_frame   0x0000000000000e18      0x428 ./Drivers/STM32F1xx_HAL_Driver/Src/stm32f1xx_hal_cortex.o
 .debug_frame   0x0000000000001240      0x14c ./Drivers/STM32F1xx_HAL_Driver/Src/stm32f1xx_hal_gpio.o
 .debug_frame   0x000000000000138c      0x218 ./Drivers/STM32F1xx_HAL_Driver/Src/stm32f1xx_hal_rcc.o
 .debug_frame   0x00000000000015a4       0x80 ./Drivers/STM32F1xx_HAL_Driver/Src/stm32f1xx_hal_rcc_ex.o
 .debug_frame   0x0000000000001624     0x11bc ./Drivers/STM32F1xx_HAL_Driver/Src/stm32f1xx_hal_tim.o
 .debug_frame   0x00000000000027e0      0x638 ./Drivers/STM32F1xx_HAL_Driver/Src/stm32f1xx_hal_tim_ex.o
 .debug_frame   0x0000000000002e18      0x944 ./Drivers/STM32F1xx_HAL_Driver/Src/stm32f1xx_hal_uart.o
 .debug_frame   0x000000000000375c       0x2c c:/st/stm32cubeide_1.4.0/stm32cubeide/plugins/com.st.stm32cube.ide.mcu.externaltools.gnu-tools-for-stm32.10.3-2021.10.win32_1.0.100.202210260954/tools/bin/../lib/gcc/arm-none-eabi/10.3.1/../../../../arm-none-eabi/lib/thumb/v7-m/nofp\libc_nano.a(lib_a-init.o)
 .debug_frame   0x0000000000003788       0x20 c:/st/stm32cubeide_1.4.0/stm32cubeide/plugins/com.st.stm32cube.ide.mcu.externaltools.gnu-tools-for-stm32.10.3-2021.10.win32_1.0.100.202210260954/tools/bin/../lib/gcc/arm-none-eabi/10.3.1/../../../../arm-none-eabi/lib/thumb/v7-m/nofp\libc_nano.a(lib_a-memset.o)
 .debug_frame   0x00000000000037a8       0xac c:/st/stm32cubeide_1.4.0/stm32cubeide/plugins/com.st.stm32cube.ide.mcu.externaltools.gnu-tools-for-stm32.10.3-2021.10.win32_1.0.100.202210260954/tools/bin/../lib/gcc/arm-none-eabi/10.3.1/thumb/v7-m/nofp\libgcc.a(_arm_addsubdf3.o)
 .debug_frame   0x0000000000003854       0x50 c:/st/stm32cubeide_1.4.0/stm32cubeide/plugins/com.st.stm32cube.ide.mcu.externaltools.gnu-tools-for-stm32.10.3-2021.10.win32_1.0.100.202210260954/tools/bin/../lib/gcc/arm-none-eabi/10.3.1/thumb/v7-m/nofp\libgcc.a(_arm_muldivdf3.o)
 .debug_frame   0x00000000000038a4       0xc4 c:/st/stm32cubeide_1.4.0/stm32cubeide/plugins/com.st.stm32cube.ide.mcu.externaltools.gnu-tools-for-stm32.10.3-2021.10.win32_1.0.100.202210260954/tools/bin/../lib/gcc/arm-none-eabi/10.3.1/thumb/v7-m/nofp\libgcc.a(_arm_cmpdf2.o)
 .debug_frame   0x0000000000003968       0x24 c:/st/stm32cubeide_1.4.0/stm32cubeide/plugins/com.st.stm32cube.ide.mcu.externaltools.gnu-tools-for-stm32.10.3-2021.10.win32_1.0.100.202210260954/tools/bin/../lib/gcc/arm-none-eabi/10.3.1/thumb/v7-m/nofp\libgcc.a(_arm_fixdfsi.o)
